npm notice run rein@0.1.0 dev
npm notice run vite

  [32m[1mVITE[22m v6.4.3[39m  [2mready in [0m[1m293[22m[2m[0m ms[22m

  [32m➜[39m  [1mLocal[22m:   [36mhttp://localhost:[1m1420[22m/[39m
[2m[32m  ➜[39m[22m[2m  press [22m[1mh + enter[22m[2m to show help[22m
[2m15:39:47[22m [36m[1m[vite][22m[39m [90m[2m(client)[22m[39m [32mpage reload [39m[2msrc/router.ts[22m
[2m16:13:17[22m [36m[1m[vite][22m[39m [90m[2m(client)[22m[39m [32mhmr update [39m[2m/src/App.vue, /src/App.vue?vue&type=style&index=0&scoped=7a7a37b1&lang.css[22m
[2m16:13:18[22m [36m[1m[vite][22m[39m [90m[2m(client)[22m[39m [32mpage reload [39m[2msrc/router.ts[22m
[2m16:13:49[22m [36m[1m[vite][22m[39m [90m[2m(client)[22m[39m [32mhmr update [39m[2m/src/pages/ChatList.vue[22m
[2m16:14:24[22m [36m[1m[vite][22m[39m [90m[2m(client)[22m[39m [32mhmr update [39m[2m/src/pages/ChatList.vue[22m
[2m16:14:59[22m [36m[1m[vite][22m[39m [90m[2m(client)[22m[39m [32mhmr update [39m[2m/src/pages/ChatWindow.vue[22m
[2m16:15:43[22m [36m[1m[vite][22m[39m [90m[2m(client)[22m[39m [32mhmr update [39m[2m/src/styles.css[22m
[2m16:16:06[22m [36m[1m[vite][22m[39m [90m[2m(client)[22m[39m [32mhmr update [39m[2m/src/pages/ChatList.vue[22m
[2m16:16:07[22m [36m[1m[vite][22m[39m [90m[2m(client)[22m[39m [32mhmr update [39m[2m/src/prototypes/wx-layout/variants/Desktop.vue, /src/prototypes/wx-layout/variants/Desktop.vue?vue&type=style&index=0&scoped=c34fafb7&lang.css[22m
[2m16:16:07[22m [36m[1m[vite][22m[39m [90m[2m(client)[22m[39m [32mhmr update [39m[2m/src/prototypes/wx-layout/variants/Native.vue, /src/prototypes/wx-layout/variants/Native.vue?vue&type=style&index=0&scoped=6a68273e&lang.css[22m
[2m16:16:07[22m [36m[1m[vite][22m[39m [90m[2m(client)[22m[39m [32mhmr update [39m[2m/src/prototypes/wx-layout/variants/Modern.vue, /src/prototypes/wx-layout/variants/Modern.vue?vue&type=style&index=0&scoped=fc810261&lang.css[22m
[2m16:16:07[22m [36m[1m[vite][22m[39m [90m[2m(client)[22m[39m [32mpage reload [39m[2msrc/prototypes/wx-layout/data.ts[22m
[2m16:16:07[22m [36m[1m[vite][22m[39m [90m[2m(client)[22m[39m [32mhmr update [39m[2m/src/prototypes/wx-layout/Harness.vue, /src/prototypes/wx-layout/Harness.vue?vue&type=style&index=0&lang.css[22m
[2m16:19:46[22m [36m[1m[vite][22m[39m [90m[2m(client)[22m[39m [32mhmr update [39m[2m/src/pages/ChatWindow.vue[22m
[2m16:26:15[22m [36m[1m[vite][22m[39m [90m[2m(client)[22m[39m [32mhmr update [39m[2m/src/App.vue, /src/App.vue?vue&type=style&index=0&scoped=7a7a37b1&lang.css[22m
[2m17:04:55[22m [36m[1m[vite][22m[39m [90m[2m(client)[22m[39m [32mhmr update [39m[2m/src/components/ChatBody.vue[22m
[2m17:05:03[22m [36m[1m[vite][22m[39m [90m[2m(client)[22m[39m [32mhmr update [39m[2m/src/pages/ChatWindow.vue[22m
[2m17:06:03[22m [36m[1m[vite][22m[39m [90m[2m(client)[22m[39m [32mhmr update [39m[2m/src/pages/ChatWindow.vue[22m
[2m17:06:03[22m [36m[1m[vite][22m[39m [90m[2m(client)[22m[39m [32mhmr update [39m[2m/src/pages/ChatWindow.vue[22m
[2m17:06:04[22m [36m[1m[vite][22m[39m [90m[2m(client)[22m[39m [32mhmr update [39m[2m/src/pages/ChatWindow.vue[22m
[2m17:38:31[22m [36m[1m[vite][22m[39m [90m[2m(client)[22m[39m [32mhmr update [39m[2m/src/pages/ChatList.vue[22m
[2m17:46:44[22m [36m[1m[vite][22m[39m [90m[2m(client)[22m[39m [32mhmr update [39m[2m/src/pages/ChatList.vue, /src/pages/ChatWindow.vue, /src/components/ChatBody.vue, /src/pages/AgentsPage.vue[22m
[2m17:46:58[22m [36m[1m[vite][22m[39m [90m[2m(client)[22m[39m [32mhmr update [39m[2m/src/components/ChatBody.vue, /src/components/ChatBody.vue?vue&type=style&index=0&scoped=81a426c8&lang.css[22m
[2m17:58:17[22m [36m[1m[vite][22m[39m [90m[2m(client)[22m[39m [32mhmr update [39m[2m/src/components/ChatBody.vue[22m
[2m17:58:26[22m [36m[1m[vite][22m[39m [90m[2m(client)[22m[39m [32mhmr update [39m[2m/src/pages/ChatList.vue, /src/pages/ModelsPage.vue, /src/pages/ChatWindow.vue, /src/pages/AgentsPage.vue, /src/pages/SettingsPage.vue[22m
[2m18:01:55[22m [36m[1m[vite][22m[39m [90m[2m(client)[22m[39m [32mhmr update [39m[2m/src/pages/AgentsPage.vue, /src/pages/AgentsPage.vue?vue&type=style&index=0&scoped=cadc9ca9&lang.css[22m
[2m18:02:01[22m [36m[1m[vite][22m[39m [90m[2m(client)[22m[39m [32mhmr update [39m[2m/src/pages/ModelsPage.vue[22m
[2m18:02:07[22m [36m[1m[vite][22m[39m [90m[2m(client)[22m[39m [32mhmr update [39m[2m/src/pages/ModelsPage.vue[22m
[2m18:02:42[22m [36m[1m[vite][22m[39m [90m[2m(client)[22m[39m [32mhmr update [39m[2m/src/pages/ModelsPage.vue?vue&type=style&index=0&scoped=47ace056&lang.css[22m
[2m18:03:20[22m [36m[1m[vite][22m[39m [90m[2m(client)[22m[39m [32mhmr update [39m[2m/src/pages/ChatWindow.vue[22m
[2m18:03:24[22m [36m[1m[vite][22m[39m [90m[2m(client)[22m[39m [32mhmr update [39m[2m/src/pages/ChatWindow.vue[22m
[2m18:04:56[22m [36m[1m[vite][22m[39m [90m[2m(client)[22m[39m [32mhmr update [39m[2m/src/components/ChatInputBar.vue[22m
[2m18:06:52[22m [36m[1m[vite][22m[39m [90m[2m(client)[22m[39m [32mhmr update [39m[2m/src/pages/AgentsPage.vue[22m
[2m22:34:14[22m [36m[1m[vite][22m[39m [90m[2m(client)[22m[39m [32mhmr update [39m[2m/src/pages/ChatList.vue, /src/pages/ChatWindow.vue, /src/components/ChatBody.vue, /src/pages/AgentsPage.vue[22m
[2m22:37:14[22m [36m[1m[vite][22m[39m [90m[2m(client)[22m[39m [32mhmr update [39m[2m/src/components/ChatBody.vue[22m
[2m22:37:28[22m [36m[1m[vite][22m[39m [90m[2m(client)[22m[39m [32mhmr update [39m[2m/src/components/ChatBody.vue?vue&type=style&index=0&scoped=81a426c8&lang.css[22m
[2m22:38:00[22m [36m[1m[vite][22m[39m [90m[2m(client)[22m[39m [32mhmr update [39m[2m/src/pages/ChatWindow.vue[22m
[2m22:43:15[22m [36m[1m[vite][22m[39m [90m[2m(client)[22m[39m [32m✨ new dependencies optimized: [33m@tauri-apps/plugin-dialog[32m[39m
[2m22:43:15[22m [36m[1m[vite][22m[39m [90m[2m(client)[22m[39m [32m✨ optimized dependencies changed. reloading[39m
[2m22:43:58[22m [36m[1m[vite][22m[39m [90m[2m(client)[22m[39m [32mhmr update [39m[2m/src/components/ChatBody.vue?vue&type=style&index=0&scoped=81a426c8&lang.css[22m
[2m22:44:06[22m [36m[1m[vite][22m[39m [90m[2m(client)[22m[39m [32mhmr update [39m[2m/src/components/ChatBody.vue?vue&type=style&index=0&scoped=81a426c8&lang.css[22m
[2m22:44:47[22m [36m[1m[vite][22m[39m [90m[2m(client)[22m[39m [32mhmr update [39m[2m/src/components/ChatBody.vue?vue&type=style&index=0&scoped=81a426c8&lang.css[22m
[2m22:49:57[22m [36m[1m[vite][22m[39m [90m[2m(client)[22m[39m [32mhmr update [39m[2m/src/components/ChatBody.vue?vue&type=style&index=0&scoped=81a426c8&lang.css[22m
[2m22:51:32[22m [36m[1m[vite][22m[39m [90m[2m(client)[22m[39m [32mhmr update [39m[2m/src/components/ChatBody.vue[22m
[2m22:51:34[22m [36m[1m[vite][22m[39m [90m[2m(client)[22m[39m [32mhmr update [39m[2m/src/components/ChatBody.vue[22m
[2m22:54:48[22m [36m[1m[vite][22m[39m [90m[2m(client)[22m[39m [32mhmr update [39m[2m/src/components/ChatBody.vue?vue&type=style&index=0&scoped=81a426c8&lang.css[22m
